[themesdesign.in/styza/layout/index-3.html]
[backblue.gif]
[fade.gif]
[index.html]
[themesdesign.in/styza/layout/images/favicon.ico]
[themesdesign.in/styza/layout/css/bootstrap.min.css]
[themesdesign.in/styza/layout/css/materialdesignicons.min.css]
[unicons.iconscout.com/release/v4.0.0/css/line.css]
[themesdesign.in/styza/layout/css/tiny-slider.css]
[themesdesign.in/styza/layout/css/swiper.min.css]
[themesdesign.in/styza/layout/css/style.min.css]
[themesdesign.in/styza/layout/css/colors/default.css]
[themesdesign.in/styza/layout/images/logo-light.png]
[themesdesign.in/styza/layout/images/logo-dark.png]
[themesdesign.in/styza/layout/images/home/phone-1.png]
[themesdesign.in/styza/layout/images/home/phone-2.png]
[themesdesign.in/styza/layout/images/home/phone-3.png]
[themesdesign.in/styza/layout/images/home/phone-4.png]
[themesdesign.in/styza/layout/images/home/phone-5.png]
[themesdesign.in/styza/layout/images/app.png]
[themesdesign.in/styza/layout/images/playstore.png]
[themesdesign.in/styza/layout/images/service/bomb.png]
[themesdesign.in/styza/layout/images/features/phone.png]
[themesdesign.in/styza/layout/images/features/phone2.png]
[themesdesign.in/styza/layout/images/testi/img-1.png]
[themesdesign.in/styza/layout/images/user/img-1.jpg]
[themesdesign.in/styza/layout/images/testi/rating-image.png]
[themesdesign.in/styza/layout/images/testi/img-2.png]
[themesdesign.in/styza/layout/images/user/img-2.jpg]
[themesdesign.in/styza/layout/images/testi/img-3.png]
[themesdesign.in/styza/layout/images/user/img-3.jpg]
[themesdesign.in/styza/layout/images/testi/img-4.png]
[themesdesign.in/styza/layout/images/user/img-4.jpg]
[themesdesign.in/styza/layout/images/testi/phone-fream.png]
[themesdesign.in/styza/layout/images/testi/ss/s-1.png]
[themesdesign.in/styza/layout/images/testi/ss/s-2.png]
[themesdesign.in/styza/layout/images/testi/ss/s-3.png]
[themesdesign.in/styza/layout/images/testi/ss/s-4.png]
[themesdesign.in/styza/layout/images/testi/ss/s-5.png]
[themesdesign.in/styza/layout/images/testi/ss/s-6.png]
[themesdesign.in/styza/layout/images/team/img1.png]
[themesdesign.in/styza/layout/images/team/img4.png]
[themesdesign.in/styza/layout/images/team/img3.png]
[themesdesign.in/styza/layout/images/team/img2.png]
[themesdesign.in/styza/layout/images/img-appstore.png]
[themesdesign.in/styza/layout/images/img-googleplay.png]
[themesdesign.in/styza/layout/images/cta-bg.png]
[themesdesign.in/styza/layout/images/logo-footer.png]
[themesdesign.in/styza/layout/js/bootstrap.bundle.min.js]
[themesdesign.in/styza/layout/js/tiny-slider.js]
[themesdesign.in/styza/layout/js/swiper.min.js]
[themesdesign.in/styza/layout/js/app.js]
[themesdesign.in/styza/layout/index-3.html]
[themesdesign.in/styza/layout/css/bootstrap.min.css]
[themesdesign.in/styza/layout/fonts/materialdesignicons-webfont3e71.eot]
[themesdesign.in/styza/layout/fonts/materialdesignicons-webfontd41d.eot]
[themesdesign.in/styza/layout/fonts/materialdesignicons-webfont3e71.woff2]
[themesdesign.in/styza/layout/fonts/materialdesignicons-webfont3e71.woff]
[themesdesign.in/styza/layout/fonts/materialdesignicons-webfont3e71.ttf]
[themesdesign.in/styza/layout/css/materialdesignicons.min.css]
[unicons.iconscout.com/release/v4.0.0/css/line.css]
[themesdesign.in/styza/layout/css/tiny-slider.css]
[themesdesign.in/styza/layout/css/swiper.min.css]
[themesdesign.in/styza/layout/images/dark-bg.png]
[themesdesign.in/styza/layout/images/bg.png]
[themesdesign.in/styza/layout/images/home/key-img1.jpg]
[themesdesign.in/styza/layout/images/home/key-img2.jpg]
[themesdesign.in/styza/layout/images/cta-bg.jpg]
[themesdesign.in/styza/layout/images/home/arrow-bg.png]
[themesdesign.in/styza/layout/images/home/arrow-bg-dark.png]
[themesdesign.in/styza/layout/css/style.min.css]
[themesdesign.in/styza/layout/css/colors/default.css]
[themesdesign.in/styza/layout/index-1.html]
